// Jest Snapshot v1, https://goo.gl/fbAQLP

exports[`SearchComponent component renders correctly 1`] = `
ShallowWrapper {
  Symbol(enzyme.__root__): [Circular],
  Symbol(enzyme.__unrendered__): <SearchComponent />,
  Symbol(enzyme.__renderer__): Object {
    "batchedUpdates": [Function],
    "getNode": [Function],
    "render": [Function],
    "simulateError": [Function],
    "simulateEvent": [Function],
    "unmount": [Function],
  },
  Symbol(enzyme.__node__): Object {
    "instance": null,
    "key": undefined,
    "nodeType": "host",
    "props": Object {
      "children": <Async
        backspaceRemoves={true}
        cache={false}
        cacheOptions={false}
        className="searchBoxCustomize"
        defaultOptions={true}
        loadOptions={[Function]}
        onChange={[Function]}
        placeholder="Search Book"
        value=""
      />,
      "className": "searchContainer",
    },
    "ref": null,
    "rendered": Object {
      "instance": null,
      "key": undefined,
      "nodeType": "class",
      "props": Object {
        "backspaceRemoves": true,
        "cache": false,
        "cacheOptions": false,
        "className": "searchBoxCustomize",
        "defaultOptions": true,
        "loadOptions": [Function],
        "onChange": [Function],
        "placeholder": "Search Book",
        "value": "",
      },
      "ref": null,
      "rendered": null,
      "type": [Function],
    },
    "type": "div",
  },
  Symbol(enzyme.__nodes__): Array [
    Object {
      "instance": null,
      "key": undefined,
      "nodeType": "host",
      "props": Object {
        "children": <Async
          backspaceRemoves={true}
          cache={false}
          cacheOptions={false}
          className="searchBoxCustomize"
          defaultOptions={true}
          loadOptions={[Function]}
          onChange={[Function]}
          placeholder="Search Book"
          value=""
        />,
        "className": "searchContainer",
      },
      "ref": null,
      "rendered": Object {
        "instance": null,
        "key": undefined,
        "nodeType": "class",
        "props": Object {
          "backspaceRemoves": true,
          "cache": false,
          "cacheOptions": false,
          "className": "searchBoxCustomize",
          "defaultOptions": true,
          "loadOptions": [Function],
          "onChange": [Function],
          "placeholder": "Search Book",
          "value": "",
        },
        "ref": null,
        "rendered": null,
        "type": [Function],
      },
      "type": "div",
    },
  ],
  Symbol(enzyme.__options__): Object {
    "adapter": ReactSixteenAdapter {
      "options": Object {
        "enableComponentDidUpdateOnSetState": true,
        "lifecycles": Object {
          "componentDidUpdate": Object {
            "onSetState": true,
          },
          "getDerivedStateFromProps": true,
          "getSnapshotBeforeUpdate": true,
          "setState": Object {
            "skipsComponentDidUpdateOnNullish": true,
          },
        },
      },
    },
  },
}
`;
